
> eh-universe-web@1.2.1 test
> jest --passWithNoTests

FAIL unit src/components/code-studio/__tests__/AgentPanel.test.ts
  ??AgentPanel helpers ??prefers developer code blocks when picking apply candidate

    expect(received).toBe(expected) // Object.is equality

    Expected: "developer"
    Received: "documenter"

      44 |
      45 |     expect(candidate).not.toBeNull();
    > 46 |     expect(candidate.sourceRole).toBe('developer');
         |                                  ^
      47 |     expect(candidate.code).toContain('value = 42');
      48 |   });
      49 |

      at Object.<anonymous> (src/components/code-studio/__tests__/AgentPanel.test.ts:46:34)

FAIL components src/components/__tests__/Header.test.tsx
  ??Header ??renders the header element with testid

    TypeError: (0 , navigation_1.useSearchParams) is not a function

      51 | function HeaderInner({ stellarWhite = false }: HeaderInnerProps) {
      52 |   const pathname = usePathname();
    > 53 |   const searchParams = useSearchParams();
         |                                       ^
      54 |   const [menuOpen, setMenuOpen] = useState(false);
      55 |   const [exploreOpen, setExploreOpen] = useState(false);
      56 |   const [toolsOpen, setToolsOpen] = useState(false);

      at HeaderInner (src/components/Header.tsx:53:39)
      at Object.react_stack_bottom_frame (node_modules/react-dom/cjs/react-dom-client.development.js:25904:20)
      at renderWithHooks (node_modules/react-dom/cjs/react-dom-client.development.js:7662:22)
      at updateFunctionComponent (node_modules/react-dom/cjs/react-dom-client.development.js:10166:19)
      at beginWork (node_modules/react-dom/cjs/react-dom-client.development.js:11778:18)
      at runWithFiberInDEV (node_modules/react-dom/cjs/react-dom-client.development.js:874:13)
      at performUnitOfWork (node_modules/react-dom/cjs/react-dom-client.development.js:17641:22)
      at workLoopSync (node_modules/react-dom/cjs/react-dom-client.development.js:17469:41)
      at renderRootSync (node_modules/react-dom/cjs/react-dom-client.development.js:17450:11)
      at performWorkOnRoot (node_modules/react-dom/cjs/react-dom-client.development.js:16583:35)
      at performWorkOnRootViaSchedulerTask (node_modules/react-dom/cjs/react-dom-client.development.js:18957:7)
      at flushActQueue (node_modules/react/cjs/react.development.js:590:34)
      at process.env.NODE_ENV.exports.act (node_modules/react/cjs/react.development.js:884:10)
      at node_modules/@testing-library/react/dist/act-compat.js:46:25
      at renderRoot (node_modules/@testing-library/react/dist/pure.js:189:26)
      at render (node_modules/@testing-library/react/dist/pure.js:291:10)
      at Object.<anonymous> (src/components/__tests__/Header.test.tsx:43:11)

  ??Header ??renders EH UNIVERSE brand text

    TypeError: (0 , navigation_1.useSearchParams) is not a function

      51 | function HeaderInner({ stellarWhite = false }: HeaderInnerProps) {
      52 |   const pathname = usePathname();
    > 53 |   const searchParams = useSearchParams();
         |                                       ^
      54 |   const [menuOpen, setMenuOpen] = useState(false);
      55 |   const [exploreOpen, setExploreOpen] = useState(false);
      56 |   const [toolsOpen, setToolsOpen] = useState(false);

      at HeaderInner (src/components/Header.tsx:53:39)
      at Object.react_stack_bottom_frame (node_modules/react-dom/cjs/react-dom-client.development.js:25904:20)
      at renderWithHooks (node_modules/react-dom/cjs/react-dom-client.development.js:7662:22)
      at updateFunctionComponent (node_modules/react-dom/cjs/react-dom-client.development.js:10166:19)
      at beginWork (node_modules/react-dom/cjs/react-dom-client.development.js:11778:18)
      at runWithFiberInDEV (node_modules/react-dom/cjs/react-dom-client.development.js:874:13)
      at performUnitOfWork (node_modules/react-dom/cjs/react-dom-client.development.js:17641:22)
      at workLoopSync (node_modules/react-dom/cjs/react-dom-client.development.js:17469:41)
      at renderRootSync (node_modules/react-dom/cjs/react-dom-client.development.js:17450:11)
      at performWorkOnRoot (node_modules/react-dom/cjs/react-dom-client.development.js:16583:35)
      at performWorkOnRootViaSchedulerTask (node_modules/react-dom/cjs/react-dom-client.development.js:18957:7)
      at flushActQueue (node_modules/react/cjs/react.development.js:590:34)
      at process.env.NODE_ENV.exports.act (node_modules/react/cjs/react.development.js:884:10)
      at node_modules/@testing-library/react/dist/act-compat.js:46:25
      at renderRoot (node_modules/@testing-library/react/dist/pure.js:189:26)
      at render (node_modules/@testing-library/react/dist/pure.js:291:10)
      at Object.<anonymous> (src/components/__tests__/Header.test.tsx:48:11)

  ??Header ??renders main navigation links (desktop + mobile)

    TypeError: (0 , navigation_1.useSearchParams) is not a function

      51 | function HeaderInner({ stellarWhite = false }: HeaderInnerProps) {
      52 |   const pathname = usePathname();
    > 53 |   const searchParams = useSearchParams();
         |                                       ^
      54 |   const [menuOpen, setMenuOpen] = useState(false);
      55 |   const [exploreOpen, setExploreOpen] = useState(false);
      56 |   const [toolsOpen, setToolsOpen] = useState(false);

      at HeaderInner (src/components/Header.tsx:53:39)
      at Object.react_stack_bottom_frame (node_modules/react-dom/cjs/react-dom-client.development.js:25904:20)
      at renderWithHooks (node_modules/react-dom/cjs/react-dom-client.development.js:7662:22)
      at updateFunctionComponent (node_modules/react-dom/cjs/react-dom-client.development.js:10166:19)
      at beginWork (node_modules/react-dom/cjs/react-dom-client.development.js:11778:18)
      at runWithFiberInDEV (node_modules/react-dom/cjs/react-dom-client.development.js:874:13)
      at performUnitOfWork (node_modules/react-dom/cjs/react-dom-client.development.js:17641:22)
      at workLoopSync (node_modules/react-dom/cjs/react-dom-client.development.js:17469:41)
      at renderRootSync (node_modules/react-dom/cjs/react-dom-client.development.js:17450:11)
      at performWorkOnRoot (node_modules/react-dom/cjs/react-dom-client.development.js:16583:35)
      at performWorkOnRootViaSchedulerTask (node_modules/react-dom/cjs/react-dom-client.development.js:18957:7)
      at flushActQueue (node_modules/react/cjs/react.development.js:590:34)
      at process.env.NODE_ENV.exports.act (node_modules/react/cjs/react.development.js:884:10)
      at node_modules/@testing-library/react/dist/act-compat.js:46:25
      at renderRoot (node_modules/@testing-library/react/dist/pure.js:189:26)
      at render (node_modules/@testing-library/react/dist/pure.js:291:10)
      at Object.<anonymous> (src/components/__tests__/Header.test.tsx:53:11)

  ??Header ??renders the language toggle button

    TypeError: (0 , navigation_1.useSearchParams) is not a function

      51 | function HeaderInner({ stellarWhite = false }: HeaderInnerProps) {
      52 |   const pathname = usePathname();
    > 53 |   const searchParams = useSearchParams();
         |                                       ^
      54 |   const [menuOpen, setMenuOpen] = useState(false);
      55 |   const [exploreOpen, setExploreOpen] = useState(false);
      56 |   const [toolsOpen, setToolsOpen] = useState(false);

      at HeaderInner (src/components/Header.tsx:53:39)
      at Object.react_stack_bottom_frame (node_modules/react-dom/cjs/react-dom-client.development.js:25904:20)
      at renderWithHooks (node_modules/react-dom/cjs/react-dom-client.development.js:7662:22)
      at updateFunctionComponent (node_modules/react-dom/cjs/react-dom-client.development.js:10166:19)
      at beginWork (node_modules/react-dom/cjs/react-dom-client.development.js:11778:18)
      at runWithFiberInDEV (node_modules/react-dom/cjs/react-dom-client.development.js:874:13)
      at performUnitOfWork (node_modules/react-dom/cjs/react-dom-client.development.js:17641:22)
      at workLoopSync (node_modules/react-dom/cjs/react-dom-client.development.js:17469:41)
      at renderRootSync (node_modules/react-dom/cjs/react-dom-client.development.js:17450:11)
      at performWorkOnRoot (node_modules/react-dom/cjs/react-dom-client.development.js:16583:35)
      at performWorkOnRootViaSchedulerTask (node_modules/react-dom/cjs/react-dom-client.development.js:18957:7)
      at flushActQueue (node_modules/react/cjs/react.development.js:590:34)
      at process.env.NODE_ENV.exports.act (node_modules/react/cjs/react.development.js:884:10)
      at node_modules/@testing-library/react/dist/act-compat.js:46:25
      at renderRoot (node_modules/@testing-library/react/dist/pure.js:189:26)
      at render (node_modules/@testing-library/react/dist/pure.js:291:10)
      at Object.<anonymous> (src/components/__tests__/Header.test.tsx:62:11)

PASS components src/components/__tests__/StatusBar.test.tsx
PASS components src/components/__tests__/WritingTab.test.tsx
PASS components src/components/__tests__/WelcomeScreen.test.tsx
PASS components src/components/__tests__/CodeStudioPanelManager.test.tsx
PASS components src/components/__tests__/ResourceView.test.tsx
PASS unit src/engine/__tests__/quality-gate.test.ts
PASS components src/components/__tests__/PipelinePanel.test.tsx
  ??Console

    console.error
      Each child in a list should have a unique "key" prop.
      
      Check the render method of `PipelinePanel`. See https://react.dev/link/warning-keys for more information.

      42 |       timestamp: Date.now(),
      43 |     };
    > 44 |     const { container } = render(
         |                                 ^
      45 |       <PipelinePanel result={result as never} />,
      46 |     );
      47 |     expect(container.innerHTML).toContain('90');

      at node_modules/react-dom/cjs/react-dom-client.development.js:26084:21
      at runWithFiberInDEV (node_modules/react-dom/cjs/react-dom-client.development.js:874:13)
      at warnForMissingKey (node_modules/react-dom/cjs/react-dom-client.development.js:26083:11)
      at warnOnInvalidKey (node_modules/react-dom/cjs/react-dom-client.development.js:6591:13)
      at reconcileChildrenArray (node_modules/react-dom/cjs/react-dom-client.development.js:6672:31)
      at reconcileChildFibersImpl (node_modules/react-dom/cjs/react-dom-client.development.js:6993:30)
      at node_modules/react-dom/cjs/react-dom-client.development.js:7098:33
      at reconcileChildren (node_modules/react-dom/cjs/react-dom-client.development.js:9701:13)
      at beginWork (node_modules/react-dom/cjs/react-dom-client.development.js:12049:13)
      at runWithFiberInDEV (node_modules/react-dom/cjs/react-dom-client.development.js:874:13)
      at performUnitOfWork (node_modules/react-dom/cjs/react-dom-client.development.js:17641:22)
      at workLoopSync (node_modules/react-dom/cjs/react-dom-client.development.js:17469:41)
      at renderRootSync (node_modules/react-dom/cjs/react-dom-client.development.js:17450:11)
      at performWorkOnRoot (node_modules/react-dom/cjs/react-dom-client.development.js:16504:11)
      at performWorkOnRootViaSchedulerTask (node_modules/react-dom/cjs/react-dom-client.development.js:18957:7)
      at flushActQueue (node_modules/react/cjs/react.development.js:590:34)
      at process.env.NODE_ENV.exports.act (node_modules/react/cjs/react.development.js:884:10)
      at node_modules/@testing-library/react/dist/act-compat.js:46:25
      at renderRoot (node_modules/@testing-library/react/dist/pure.js:189:26)
      at render (node_modules/@testing-library/react/dist/pure.js:291:10)
      at Object.<anonymous> (src/components/__tests__/PipelinePanel.test.tsx:44:33)

PASS components src/components/__tests__/SettingsPanel.test.tsx
PASS components src/components/__tests__/ErrorBoundary.test.tsx
PASS components src/components/__tests__/ChatPanel.test.tsx
PASS unit src/lib/__tests__/verification-integration.test.ts
  ??Console

    console.warn
      [codeStudio:composer] Invalid transition: idle ??staged

      20 |   /** Warnings ??always emitted */
      21 |   warn(ctx: string, ...args: unknown[]): void {
    > 22 |     console.warn(...fmt(ctx, args));
         |             ^
      23 |   },
      24 |   /** Errors ??always emitted */
      25 |   error(ctx: string, ...args: unknown[]): void {

      at Object.warn (src/lib/logger.ts:22:13)
      at src/lib/code-studio/core/composer-state.ts:64:14
      at Object.<anonymous> (src/lib/__tests__/verification-integration.test.ts:362:14)

PASS unit src/engine/__tests__/auto-pipeline.test.ts
PASS unit src/lib/__tests__/multi-key-bridge.test.ts
PASS unit src/lib/code-studio/pipeline/__tests__/chaos-engineering.test.ts
PASS components src/components/__tests__/StarField.test.tsx
PASS unit src/engine/__tests__/shadow.test.ts
PASS unit src/lib/code-studio/pipeline/__tests__/stress-test.test.ts
PASS components src/components/__tests__/StudioSidebar.test.tsx
  ??Console

    console.error
      Received `true` for a non-boolean attribute `jsx`.
      
      If you want to write it to the DOM, pass a string instead: jsx="true" or jsx={value.toString()}.

      86 | describe("StudioSidebar", () => {
      87 |   it("renders without crashing when sidebar is open", () => {
    > 88 |     const { container } = render(<StudioSidebar {...baseProps} />);
         |                                 ^
      89 |     expect(container.firstChild).toBeTruthy();
      90 |   });
      91 |

      at validateProperty (node_modules/react-dom/cjs/react-dom-client.development.js:3070:27)
      at warnUnknownProperties (node_modules/react-dom/cjs/react-dom-client.development.js:3146:9)
      at validatePropertiesInDevelopment (node_modules/react-dom/cjs/react-dom-client.development.js:19868:9)
      at setInitialProperties (node_modules/react-dom/cjs/react-dom-client.development.js:20491:7)
      at completeWork (node_modules/react-dom/cjs/react-dom-client.development.js:12662:18)
      at runWithFiberInDEV (node_modules/react-dom/cjs/react-dom-client.development.js:874:13)
      at completeUnitOfWork (node_modules/react-dom/cjs/react-dom-client.development.js:17777:19)
      at performUnitOfWork (node_modules/react-dom/cjs/react-dom-client.development.js:17658:11)
      at workLoopSync (node_modules/react-dom/cjs/react-dom-client.development.js:17469:41)
      at renderRootSync (node_modules/react-dom/cjs/react-dom-client.development.js:17450:11)
      at performWorkOnRoot (node_modules/react-dom/cjs/react-dom-client.development.js:16504:11)
      at performWorkOnRootViaSchedulerTask (node_modules/react-dom/cjs/react-dom-client.development.js:18957:7)
      at flushActQueue (node_modules/react/cjs/react.development.js:590:34)
      at process.env.NODE_ENV.exports.act (node_modules/react/cjs/react.development.js:884:10)
      at node_modules/@testing-library/react/dist/act-compat.js:46:25
      at renderRoot (node_modules/@testing-library/react/dist/pure.js:189:26)
      at render (node_modules/@testing-library/react/dist/pure.js:291:10)
      at Object.<anonymous> (src/components/__tests__/StudioSidebar.test.tsx:88:33)

    console.error
      An update to StudioSidebar inside a test was not wrapped in act(...).
      
      When testing, code that causes React state updates should be wrapped into act(...):
      
      act(() => {
        /* fire events that update state */
      });
      /* assert on the output */
      
      This ensures that you're testing the behavior the user would see in the browser. Learn more at https://react.dev/link/wrap-tests-with-act

      12 |
      13 |   useEffect(() => {
    > 14 |     queueMicrotask(() => setFlags(getAllFlags()));
         |                          ^
      15 |     const onStorage = (e: StorageEvent) => {
      16 |       if (e.key?.startsWith("ff_")) queueMicrotask(() => setFlags(getAllFlags()));
      17 |     };

      at node_modules/react-dom/cjs/react-dom-client.development.js:18758:19
      at runWithFiberInDEV (node_modules/react-dom/cjs/react-dom-client.development.js:874:13)
      at warnIfUpdatesNotWrappedWithActDEV (node_modules/react-dom/cjs/react-dom-client.development.js:18757:9)
      at scheduleUpdateOnFiber (node_modules/react-dom/cjs/react-dom-client.development.js:16409:11)
      at dispatchSetStateInternal (node_modules/react-dom/cjs/react-dom-client.development.js:9170:13)
      at dispatchSetState (node_modules/react-dom/cjs/react-dom-client.development.js:9127:7)
      at src/hooks/useFeatureFlags.ts:14:26
      at invokeTheCallbackFunction (node_modules/jsdom/lib/jsdom/living/generated/Function.js:19:26)
      at node_modules/jsdom/lib/jsdom/browser/Window.js:613:9

    console.error
      An update to StudioSidebar inside a test was not wrapped in act(...).
      
      When testing, code that causes React state updates should be wrapped into act(...):
      
      act(() => {
        /* fire events that update state */
      });
      /* assert on the output */
      
      This ensures that you're testing the behavior the user would see in the browser. Learn more at https://react.dev/link/wrap-tests-with-act

      12 |
      13 |   useEffect(() => {
    > 14 |     queueMicrotask(() => setFlags(getAllFlags()));
         |                          ^
      15 |     const onStorage = (e: StorageEvent) => {
      16 |       if (e.key?.startsWith("ff_")) queueMicrotask(() => setFlags(getAllFlags()));
      17 |     };

      at node_modules/react-dom/cjs/react-dom-client.development.js:18758:19
      at runWithFiberInDEV (node_modules/react-dom/cjs/react-dom-client.development.js:874:13)
      at warnIfUpdatesNotWrappedWithActDEV (node_modules/react-dom/cjs/react-dom-client.development.js:18757:9)
      at scheduleUpdateOnFiber (node_modules/react-dom/cjs/react-dom-client.development.js:16409:11)
      at dispatchSetStateInternal (node_modules/react-dom/cjs/react-dom-client.development.js:9170:13)
      at dispatchSetState (node_modules/react-dom/cjs/react-dom-client.development.js:9127:7)
      at src/hooks/useFeatureFlags.ts:14:26
      at invokeTheCallbackFunction (node_modules/jsdom/lib/jsdom/living/generated/Function.js:19:26)
      at node_modules/jsdom/lib/jsdom/browser/Window.js:613:9

PASS components src/components/__tests__/LangProvider.test.tsx
  ??Console

    console.error
      An update to LangProvider inside a test was not wrapped in act(...).
      
      When testing, code that causes React state updates should be wrapped into act(...):
      
      act(() => {
        /* fire events that update state */
      });
      /* assert on the output */
      
      This ensures that you're testing the behavior the user would see in the browser. Learn more at https://react.dev/link/wrap-tests-with-act

      44 |     const detected = detectLang();
      45 |     if (detected !== "ko") {
    > 46 |       queueMicrotask(() => setLang(detected));
         |                            ^
      47 |     }
      48 |   }, []);
      49 |

      at node_modules/react-dom/cjs/react-dom-client.development.js:18758:19
      at runWithFiberInDEV (node_modules/react-dom/cjs/react-dom-client.development.js:874:13)
      at warnIfUpdatesNotWrappedWithActDEV (node_modules/react-dom/cjs/react-dom-client.development.js:18757:9)
      at scheduleUpdateOnFiber (node_modules/react-dom/cjs/react-dom-client.development.js:16409:11)
      at dispatchSetStateInternal (node_modules/react-dom/cjs/react-dom-client.development.js:9170:13)
      at dispatchSetState (node_modules/react-dom/cjs/react-dom-client.development.js:9127:7)
      at src/lib/LangContext.tsx:46:28
      at invokeTheCallbackFunction (node_modules/jsdom/lib/jsdom/living/generated/Function.js:19:26)
      at node_modules/jsdom/lib/jsdom/browser/Window.js:613:9

    console.error
      An update to LangProvider inside a test was not wrapped in act(...).
      
      When testing, code that causes React state updates should be wrapped into act(...):
      
      act(() => {
        /* fire events that update state */
      });
      /* assert on the output */
      
      This ensures that you're testing the behavior the user would see in the browser. Learn more at https://react.dev/link/wrap-tests-with-act

      44 |     const detected = detectLang();
      45 |     if (detected !== "ko") {
    > 46 |       queueMicrotask(() => setLang(detected));
         |                            ^
      47 |     }
      48 |   }, []);
      49 |

      at node_modules/react-dom/cjs/react-dom-client.development.js:18758:19
      at runWithFiberInDEV (node_modules/react-dom/cjs/react-dom-client.development.js:874:13)
      at warnIfUpdatesNotWrappedWithActDEV (node_modules/react-dom/cjs/react-dom-client.development.js:18757:9)
      at scheduleUpdateOnFiber (node_modules/react-dom/cjs/react-dom-client.development.js:16409:11)
      at dispatchSetStateInternal (node_modules/react-dom/cjs/react-dom-client.development.js:9170:13)
      at dispatchSetState (node_modules/react-dom/cjs/react-dom-client.development.js:9127:7)
      at src/lib/LangContext.tsx:46:28
      at invokeTheCallbackFunction (node_modules/jsdom/lib/jsdom/living/generated/Function.js:19:26)
      at node_modules/jsdom/lib/jsdom/browser/Window.js:613:9

PASS unit src/lib/__tests__/ai-providers.test.ts
PASS unit src/hooks/__tests__/useTranslation.test.ts
PASS components src/components/__tests__/ErrorPage.test.tsx
PASS components src/components/__tests__/LoadingSkeleton.test.tsx
PASS components src/components/__tests__/NotFound.test.tsx
PASS components src/components/__tests__/HistoryTab.test.tsx
PASS unit src/engine/__tests__/proactive-suggestions.test.ts
PASS components src/components/__tests__/SkeletonLoader.test.tsx
PASS unit src/hooks/__tests__/useStudioAI.test.ts
PASS components src/components/__tests__/SceneSheet.test.tsx
PASS components src/components/__tests__/CodeStudioEditor.test.tsx
PASS components src/components/__tests__/SectionErrorBoundary.test.tsx
PASS unit src/services/__tests__/geminiService.test.ts
PASS unit src/lib/__tests__/safe-fix-filtering.test.ts
PASS components src/components/__tests__/CodeStudioShell.test.tsx
PASS unit src/lib/code-studio/features/__tests__/design-to-code.test.ts
PASS unit src/lib/code-studio/features/__tests__/issue-resolver.test.ts
PASS unit src/lib/code-studio/features/__tests__/sandbox.test.ts
PASS components src/hooks/__tests__/useSessionRestore.test.tsx
PASS unit src/lib/code-studio/ai/__tests__/agents.test.ts
PASS unit src/lib/code-studio/features/__tests__/terminal-ai.test.ts
PASS unit src/lib/code-studio/ai/__tests__/ghost.test.ts
PASS unit src/lib/code-studio/ai/__tests__/pair-programming.test.ts
PASS unit src/lib/code-studio/ai/__tests__/multi-ai-review.test.ts
PASS unit src/hooks/__tests__/useAIProvider.test.ts
PASS unit src/lib/code-studio/ai/__tests__/ai-actions.test.ts
PASS components src/hooks/__tests__/useStudioSync.test.tsx
PASS unit src/lib/code-studio/ai/__tests__/ai-director.test.ts
PASS unit src/lib/code-studio/ai/__tests__/lint-ai-loop.test.ts
PASS unit src/lib/code-studio/pipeline/__tests__/bugfinder.test.ts
PASS unit src/hooks/__tests__/useCodeStudioPanels.test.ts
PASS unit src/lib/code-studio/ai/__tests__/ai-rename.test.ts
PASS unit src/lib/code-studio/ai/__tests__/ai-features.test.ts
PASS unit src/engine/__tests__/continuity-tracker.test.ts
PASS unit src/hooks/__tests__/useCodeStudioChat.test.ts
PASS unit src/hooks/__tests__/useCodeStudioAgent.test.ts
PASS unit src/lib/code-studio/pipeline/__tests__/verification-loop.test.ts
PASS unit src/lib/code-studio/audit/__tests__/audit-quality.test.ts
PASS unit src/engine/__tests__/serialization.test.ts
PASS unit src/lib/network/__tests__/helpers.test.ts
PASS unit src/lib/__tests__/panel-registry.test.ts
PASS unit src/lib/__tests__/verification-loop.test.ts
PASS unit src/hooks/__tests__/useStudioExport.test.ts
PASS components src/hooks/__tests__/useCodeStudioComposer.test.tsx
PASS components src/hooks/__tests__/useStudioKeyboard.test.tsx
PASS unit src/lib/__tests__/env.test.ts
PASS unit src/engine/__tests__/genre-review.test.ts
PASS unit src/lib/__tests__/feature-flags.test.ts
PASS unit src/hooks/__tests__/toManuscriptEntry.test.ts
PASS unit src/hooks/__tests__/useProjectManager.test.ts
PASS components src/hooks/__tests__/useStudioUX.test.tsx
PASS components src/hooks/__tests__/useStudioWritingMode.test.tsx
PASS unit src/lib/__tests__/analytics.test.ts
PASS unit src/lib/__tests__/composer-state.test.ts
PASS unit src/lib/__tests__/api-logger.test.ts
PASS unit src/hooks/__tests__/useUndoRedo.test.ts
PASS unit src/lib/code-studio/ai/__tests__/autopilot.test.ts
PASS unit src/lib/code-studio/features/__tests__/business-evaluator.test.ts
PASS unit src/lib/code-studio/features/__tests__/mcp-client.test.ts
PASS unit src/lib/__tests__/error-messages.test.ts
PASS unit src/engine/__tests__/language-pack.test.ts
PASS unit src/app/api/local-proxy/__tests__/route.test.ts
PASS unit src/lib/code-studio/features/__tests__/file-icons.test.ts
PASS unit src/lib/__tests__/server-ai.test.ts
PASS unit src/lib/__tests__/visual-defaults.test.ts
PASS unit src/lib/code-studio/features/__tests__/docs-crawler.test.ts
PASS unit src/lib/code-studio/features/__tests__/cicd-generator.test.ts
PASS unit src/lib/__tests__/network-permissions.test.ts
PASS unit src/engine/__tests__/writer-profile.test.ts
PASS unit src/lib/__tests__/studio-error.test.ts
PASS unit src/lib/code-studio/features/__tests__/zip.test.ts
PASS unit src/lib/__tests__/studio-constants.test.ts
PASS unit src/services/__tests__/driveService.test.ts
PASS unit src/lib/code-studio/editor/__tests__/ast-search.test.ts
PASS unit src/lib/code-studio/pipeline/__tests__/pipeline.test.ts
PASS unit src/lib/code-studio/features/__tests__/git.test.ts
PASS unit src/hooks/__tests__/useStudioAI-lock.test.ts
PASS unit src/engine/__tests__/scene-parser.test.ts
PASS unit src/lib/__tests__/rate-limit.test.ts
PASS unit src/lib/code-studio/core/__tests__/plugin.test.ts
PASS unit src/lib/__tests__/sanitize.test.ts
PASS unit src/lib/code-studio/ai/__tests__/role-router.test.ts
PASS unit src/lib/code-studio/features/__tests__/file-sort.test.ts
PASS unit src/lib/code-studio/features/__tests__/fs-sync.test.ts
PASS unit src/lib/code-studio/editor/__tests__/semantic-tokens.test.ts
PASS unit src/lib/code-studio/features/__tests__/voice-input.test.ts
PASS unit src/lib/__tests__/network-types.test.ts
PASS unit src/lib/__tests__/style-benchmarks.test.ts
PASS unit src/lib/code-studio/audit/__tests__/audit-engine.test.ts
PASS unit src/lib/code-studio/editor/__tests__/symbol-search.test.ts
PASS unit src/lib/__tests__/google-genai-server.test.ts
PASS unit src/lib/code-studio/features/__tests__/competitor-compare.test.ts
PASS unit src/engine/__tests__/engine-config.test.ts
PASS unit src/engine/__tests__/scoring.test.ts
PASS unit src/lib/code-studio/editor/__tests__/symbol-graph.test.ts
PASS unit src/lib/code-studio/features/__tests__/package-manager.test.ts
PASS unit src/lib/code-studio/features/__tests__/fork.test.ts
PASS unit src/lib/code-studio/core/__tests__/shell-parser.test.ts
PASS unit src/lib/code-studio/core/__tests__/editorconfig.test.ts
PASS unit src/lib/__tests__/grammar-packs.test.ts
PASS unit src/lib/code-studio/features/__tests__/file-drop.test.ts
PASS unit src/lib/code-studio/features/__tests__/collaboration.test.ts
PASS unit src/engine/__tests__/validator.test.ts
PASS unit src/lib/code-studio/editor/__tests__/semantic-search.test.ts
PASS unit src/lib/code-studio/ai/__tests__/ai-tool-use.test.ts
PASS unit src/lib/code-studio/features/__tests__/element-inspector.test.ts
PASS unit src/lib/code-studio/features/__tests__/composer-history.test.ts
PASS unit src/lib/__tests__/token-utils.test.ts
PASS unit src/lib/code-studio/editor/__tests__/editor-features.test.ts
PASS unit src/lib/code-studio/editor/__tests__/type-acquisition.test.ts
PASS unit src/lib/code-studio/ai/__tests__/context-pruning.test.ts
PASS unit src/lib/__tests__/project-sanitize.test.ts
PASS unit src/lib/code-studio/features/__tests__/preview-hmr.test.ts
PASS unit src/lib/__tests__/tier.test.ts
PASS unit src/engine/__tests__/types.test.ts
PASS unit src/lib/code-studio/features/__tests__/db-integration.test.ts
PASS components src/hooks/__tests__/useStudioTheme.test.tsx
PASS unit src/lib/code-studio/features/__tests__/crdt-presence.test.ts
PASS unit src/lib/code-studio/core/__tests__/design-system.test.ts
PASS unit src/engine/__tests__/hfcp.test.ts
PASS unit src/lib/code-studio/pipeline/__tests__/developer-scorecard.test.ts
PASS unit src/lib/code-studio/editor/__tests__/code-indexer.test.ts
PASS unit src/engine/__tests__/genre-presets.test.ts
PASS unit src/engine/__tests__/translation.test.ts
PASS unit src/hooks/__tests__/useCodeStudioFileSystem.test.ts
PASS unit src/lib/__tests__/demo-presets.test.ts
PASS unit src/engine/__tests__/pipeline.test.ts
PASS unit src/lib/code-studio/pipeline/__tests__/dead-code.test.ts
PASS unit src/lib/code-studio/features/__tests__/commit-message.test.ts
PASS unit src/lib/__tests__/report-categories.test.ts
PASS components src/hooks/__tests__/useStudioSession.test.tsx
PASS unit src/lib/__tests__/articles-reports.test.ts
PASS unit src/lib/code-studio/features/__tests__/webcontainer.test.ts
PASS unit src/lib/code-studio/pipeline/__tests__/pipeline-utils.test.ts
PASS unit src/lib/code-studio/editor/__tests__/replace-engine.test.ts
PASS unit src/engine/__tests__/builders.test.ts
PASS unit src/lib/__tests__/network-translations.test.ts
PASS unit src/engine/__tests__/social-register.test.ts
PASS unit src/lib/code-studio/features/__tests__/trend-analyzer.test.ts
PASS unit src/lib/code-studio/pipeline/__tests__/pipeline-teams.test.ts
PASS unit src/lib/__tests__/studio-share-serialize.test.ts
PASS unit src/engine/__tests__/scene-audio.test.ts
PASS unit src/lib/code-studio/features/__tests__/git-blame.test.ts
PASS unit src/lib/code-studio/editor/__tests__/fuzzy-match.test.ts
PASS unit src/lib/code-studio/editor/__tests__/diff-engine.test.ts
PASS unit src/lib/code-studio/core/__tests__/autofix-policy.test.ts
PASS unit src/lib/code-studio/features/__tests__/share.test.ts
PASS unit src/lib/code-studio/features/__tests__/file-completer.test.ts
PASS unit src/lib/__tests__/noi-auto-tags.test.ts
PASS unit src/lib/code-studio/core/__tests__/ansi.test.ts
PASS unit src/lib/code-studio/editor/__tests__/emmet.test.ts
PASS unit src/lib/code-studio/features/__tests__/patent-scanner.test.ts
PASS unit src/lib/code-studio/features/__tests__/device-frames.test.ts
PASS unit src/lib/code-studio/editor/__tests__/editor-history.test.ts
PASS unit src/lib/code-studio/editor/__tests__/auto-import.test.ts
PASS unit src/lib/__tests__/force-graph.test.ts
PASS unit src/lib/code-studio/core/__tests__/types.test.ts
PASS unit src/engine/__tests__/models.test.ts
PASS unit src/lib/code-studio/ai/__tests__/mentions.test.ts
PASS unit src/lib/__tests__/visual-prompt.test.ts
PASS unit src/lib/code-studio/pipeline/__tests__/build-scan.test.ts
PASS unit src/services/__tests__/imageGenerationService.test.ts
PASS unit src/lib/code-studio/features/__tests__/terminal.test.ts
PASS unit src/lib/code-studio/core/__tests__/cross-file.test.ts
PASS unit src/lib/code-studio/ai/__tests__/chat-fork.test.ts
PASS unit src/lib/__tests__/error-reporter.test.ts
PASS unit src/lib/__tests__/studio-types.test.ts
PASS unit src/lib/__tests__/network-agent-auth.test.ts
PASS unit src/lib/__tests__/logger.test.ts
PASS unit src/hooks/__tests__/useCodeStudioKeyboard.test.ts
PASS unit src/lib/__tests__/show-alert.test.ts
PASS unit src/lib/code-studio/features/__tests__/terminal-emulator.test.ts
PASS unit src/lib/code-studio/features/__tests__/git-file-status.test.ts
PASS unit src/lib/code-studio/core/__tests__/speed-optimizations.test.ts
PASS unit src/lib/code-studio/core/__tests__/virtual-list.test.ts
PASS unit src/lib/__tests__/typo-detector.test.ts
PASS unit src/lib/code-studio/features/__tests__/recent-files.test.ts
PASS unit src/lib/__tests__/scene-share.test.ts
PASS unit src/lib/code-studio/features/__tests__/deploy.test.ts
PASS unit src/lib/code-studio/editor/__tests__/codebase-search.test.ts
PASS unit src/lib/code-studio/editor/__tests__/gutter-actions.test.ts
PASS unit src/lib/__tests__/planning-presets.test.ts
PASS unit src/lib/__tests__/multi-key-manager.test.ts
PASS unit src/lib/__tests__/export-utils.test.ts
PASS unit src/lib/code-studio/editor/__tests__/code-evolution.test.ts
PASS unit src/lib/code-studio/features/__tests__/static-preview.test.ts
PASS unit src/lib/code-studio/features/__tests__/image-input.test.ts
PASS unit src/lib/__tests__/project-migration.test.ts
PASS unit src/lib/code-studio/audit/__tests__/audit-types.test.ts
PASS unit src/lib/code-studio/ai/__tests__/chat-history.test.ts
PASS unit src/engine/__tests__/director.test.ts
PASS unit src/lib/code-studio/ai/__tests__/ai-diff-stream.test.ts
PASS unit src/lib/code-studio/pipeline/__tests__/error-parser.test.ts
PASS unit src/lib/code-studio/editor/__tests__/inline-diff.test.ts
PASS unit src/lib/code-studio/features/__tests__/local-folder.test.ts
PASS unit src/lib/code-studio/editor/__tests__/editor-minimap.test.ts

Summary of all failing tests
FAIL src/components/code-studio/__tests__/AgentPanel.test.ts
  ??AgentPanel helpers ??prefers developer code blocks when picking apply candidate

    expect(received).toBe(expected) // Object.is equality

    Expected: "developer"
    Received: "documenter"

      44 |
      45 |     expect(candidate).not.toBeNull();
    > 46 |     expect(candidate.sourceRole).toBe('developer');
         |                                  ^
      47 |     expect(candidate.code).toContain('value = 42');
      48 |   });
      49 |

      at Object.<anonymous> (src/components/code-studio/__tests__/AgentPanel.test.ts:46:34)

FAIL src/components/__tests__/Header.test.tsx
  ??Header ??renders the header element with testid

    TypeError: (0 , navigation_1.useSearchParams) is not a function

      51 | function HeaderInner({ stellarWhite = false }: HeaderInnerProps) {
      52 |   const pathname = usePathname();
    > 53 |   const searchParams = useSearchParams();
         |                                       ^
      54 |   const [menuOpen, setMenuOpen] = useState(false);
      55 |   const [exploreOpen, setExploreOpen] = useState(false);
      56 |   const [toolsOpen, setToolsOpen] = useState(false);

      at HeaderInner (src/components/Header.tsx:53:39)
      at Object.react_stack_bottom_frame (node_modules/react-dom/cjs/react-dom-client.development.js:25904:20)
      at renderWithHooks (node_modules/react-dom/cjs/react-dom-client.development.js:7662:22)
      at updateFunctionComponent (node_modules/react-dom/cjs/react-dom-client.development.js:10166:19)
      at beginWork (node_modules/react-dom/cjs/react-dom-client.development.js:11778:18)
      at runWithFiberInDEV (node_modules/react-dom/cjs/react-dom-client.development.js:874:13)
      at performUnitOfWork (node_modules/react-dom/cjs/react-dom-client.development.js:17641:22)
      at workLoopSync (node_modules/react-dom/cjs/react-dom-client.development.js:17469:41)
      at renderRootSync (node_modules/react-dom/cjs/react-dom-client.development.js:17450:11)
      at performWorkOnRoot (node_modules/react-dom/cjs/react-dom-client.development.js:16583:35)
      at performWorkOnRootViaSchedulerTask (node_modules/react-dom/cjs/react-dom-client.development.js:18957:7)
      at flushActQueue (node_modules/react/cjs/react.development.js:590:34)
      at process.env.NODE_ENV.exports.act (node_modules/react/cjs/react.development.js:884:10)
      at node_modules/@testing-library/react/dist/act-compat.js:46:25
      at renderRoot (node_modules/@testing-library/react/dist/pure.js:189:26)
      at render (node_modules/@testing-library/react/dist/pure.js:291:10)
      at Object.<anonymous> (src/components/__tests__/Header.test.tsx:43:11)

  ??Header ??renders EH UNIVERSE brand text

    TypeError: (0 , navigation_1.useSearchParams) is not a function

      51 | function HeaderInner({ stellarWhite = false }: HeaderInnerProps) {
      52 |   const pathname = usePathname();
    > 53 |   const searchParams = useSearchParams();
         |                                       ^
      54 |   const [menuOpen, setMenuOpen] = useState(false);
      55 |   const [exploreOpen, setExploreOpen] = useState(false);
      56 |   const [toolsOpen, setToolsOpen] = useState(false);

      at HeaderInner (src/components/Header.tsx:53:39)
      at Object.react_stack_bottom_frame (node_modules/react-dom/cjs/react-dom-client.development.js:25904:20)
      at renderWithHooks (node_modules/react-dom/cjs/react-dom-client.development.js:7662:22)
      at updateFunctionComponent (node_modules/react-dom/cjs/react-dom-client.development.js:10166:19)
      at beginWork (node_modules/react-dom/cjs/react-dom-client.development.js:11778:18)
      at runWithFiberInDEV (node_modules/react-dom/cjs/react-dom-client.development.js:874:13)
      at performUnitOfWork (node_modules/react-dom/cjs/react-dom-client.development.js:17641:22)
      at workLoopSync (node_modules/react-dom/cjs/react-dom-client.development.js:17469:41)
      at renderRootSync (node_modules/react-dom/cjs/react-dom-client.development.js:17450:11)
      at performWorkOnRoot (node_modules/react-dom/cjs/react-dom-client.development.js:16583:35)
      at performWorkOnRootViaSchedulerTask (node_modules/react-dom/cjs/react-dom-client.development.js:18957:7)
      at flushActQueue (node_modules/react/cjs/react.development.js:590:34)
      at process.env.NODE_ENV.exports.act (node_modules/react/cjs/react.development.js:884:10)
      at node_modules/@testing-library/react/dist/act-compat.js:46:25
      at renderRoot (node_modules/@testing-library/react/dist/pure.js:189:26)
      at render (node_modules/@testing-library/react/dist/pure.js:291:10)
      at Object.<anonymous> (src/components/__tests__/Header.test.tsx:48:11)

  ??Header ??renders main navigation links (desktop + mobile)

    TypeError: (0 , navigation_1.useSearchParams) is not a function

      51 | function HeaderInner({ stellarWhite = false }: HeaderInnerProps) {
      52 |   const pathname = usePathname();
    > 53 |   const searchParams = useSearchParams();
         |                                       ^
      54 |   const [menuOpen, setMenuOpen] = useState(false);
      55 |   const [exploreOpen, setExploreOpen] = useState(false);
      56 |   const [toolsOpen, setToolsOpen] = useState(false);

      at HeaderInner (src/components/Header.tsx:53:39)
      at Object.react_stack_bottom_frame (node_modules/react-dom/cjs/react-dom-client.development.js:25904:20)
      at renderWithHooks (node_modules/react-dom/cjs/react-dom-client.development.js:7662:22)
      at updateFunctionComponent (node_modules/react-dom/cjs/react-dom-client.development.js:10166:19)
      at beginWork (node_modules/react-dom/cjs/react-dom-client.development.js:11778:18)
      at runWithFiberInDEV (node_modules/react-dom/cjs/react-dom-client.development.js:874:13)
      at performUnitOfWork (node_modules/react-dom/cjs/react-dom-client.development.js:17641:22)
      at workLoopSync (node_modules/react-dom/cjs/react-dom-client.development.js:17469:41)
      at renderRootSync (node_modules/react-dom/cjs/react-dom-client.development.js:17450:11)
      at performWorkOnRoot (node_modules/react-dom/cjs/react-dom-client.development.js:16583:35)
      at performWorkOnRootViaSchedulerTask (node_modules/react-dom/cjs/react-dom-client.development.js:18957:7)
      at flushActQueue (node_modules/react/cjs/react.development.js:590:34)
      at process.env.NODE_ENV.exports.act (node_modules/react/cjs/react.development.js:884:10)
      at node_modules/@testing-library/react/dist/act-compat.js:46:25
      at renderRoot (node_modules/@testing-library/react/dist/pure.js:189:26)
      at render (node_modules/@testing-library/react/dist/pure.js:291:10)
      at Object.<anonymous> (src/components/__tests__/Header.test.tsx:53:11)

  ??Header ??renders the language toggle button

    TypeError: (0 , navigation_1.useSearchParams) is not a function

      51 | function HeaderInner({ stellarWhite = false }: HeaderInnerProps) {
      52 |   const pathname = usePathname();
    > 53 |   const searchParams = useSearchParams();
         |                                       ^
      54 |   const [menuOpen, setMenuOpen] = useState(false);
      55 |   const [exploreOpen, setExploreOpen] = useState(false);
      56 |   const [toolsOpen, setToolsOpen] = useState(false);

      at HeaderInner (src/components/Header.tsx:53:39)
      at Object.react_stack_bottom_frame (node_modules/react-dom/cjs/react-dom-client.development.js:25904:20)
      at renderWithHooks (node_modules/react-dom/cjs/react-dom-client.development.js:7662:22)
      at updateFunctionComponent (node_modules/react-dom/cjs/react-dom-client.development.js:10166:19)
      at beginWork (node_modules/react-dom/cjs/react-dom-client.development.js:11778:18)
      at runWithFiberInDEV (node_modules/react-dom/cjs/react-dom-client.development.js:874:13)
      at performUnitOfWork (node_modules/react-dom/cjs/react-dom-client.development.js:17641:22)
      at workLoopSync (node_modules/react-dom/cjs/react-dom-client.development.js:17469:41)
      at renderRootSync (node_modules/react-dom/cjs/react-dom-client.development.js:17450:11)
      at performWorkOnRoot (node_modules/react-dom/cjs/react-dom-client.development.js:16583:35)
      at performWorkOnRootViaSchedulerTask (node_modules/react-dom/cjs/react-dom-client.development.js:18957:7)
      at flushActQueue (node_modules/react/cjs/react.development.js:590:34)
      at process.env.NODE_ENV.exports.act (node_modules/react/cjs/react.development.js:884:10)
      at node_modules/@testing-library/react/dist/act-compat.js:46:25
      at renderRoot (node_modules/@testing-library/react/dist/pure.js:189:26)
      at render (node_modules/@testing-library/react/dist/pure.js:291:10)
      at Object.<anonymous> (src/components/__tests__/Header.test.tsx:62:11)


Test Suites: 2 failed, 215 passed, 217 total
Tests:       5 failed, 1473 passed, 1478 total
Snapshots:   0 total
Time:        5.206 s
Ran all test suites in 2 projects.
